---
source: src/flame_graph.rs
description: recording-2_1.jfr
input_file: test-data/recording-2_1.jfr
---
org.jline.keymap.BindingReader:readCharacter: (0,41)
| org.jline.utils.NonBlockingReader:read: (0,41)
| | org.jline.utils.NonBlocking$NonBlockingInputStreamReader:read: (0,41)
| | | org.jline.utils.NonBlockingInputStream:read: (0,41)
| | | | org.jline.terminal.impl.AbstractPty$PtyInputStream:read: (0,41)
| | | | | java.io.FileInputStream:read: (0,41)
| | | | | | java.io.FileInputStream:read0: (0,41)
