---
source: src/export.rs
input_file: test-data/recording.jfr
snapshot_kind: text
---
java.lang.Thread:run: (3)
| jdk.jfr.internal.PlatformRecorder$$Lambda$55.205465701:run: (3)
| | jdk.jfr.internal.PlatformRecorder:lambda$startDiskMonitor$1: (3)
| | | jdk.jfr.internal.PlatformRecorder:periodicTask: (3)
| | | | jdk.jfr.internal.PlatformRecorder:takeNap: (3)
