---
source: src/flame_graph.rs
description: heavy.jfr
input_file: test-data/heavy.jfr
---
Heavy:main: (346,0)
| java.util.stream.IntPipeline:toArray: (346,0)
| | java.util.stream.AbstractPipeline:evaluateToArrayNode: (346,0)
| | | java.util.stream.AbstractPipeline:evaluate: (346,0)
| | | | java.util.stream.AbstractPipeline:wrapAndCopyInto: (346,0)
| | | | | java.util.stream.AbstractPipeline:copyInto: (346,0)
| | | | | | java.util.stream.AbstractPipeline:copyIntoWithCancel: (346,0)
| | | | | | | java.util.stream.IntPipeline:forEachWithCancel: (39,0)
| | | | | | | | java.util.stream.SliceOps$2$1:cancellationRequested: (1,0)
| | | | | | | | java.util.stream.StreamSpliterators$InfiniteSupplyingSpliterator$OfInt:tryAdvance: (32,0)
| | | | | | | | | java.util.stream.SliceOps$2$1:accept: (7,0)
| | | | | | | | | | java.util.stream.SortedOps$IntSortingSink:accept: (7,0)
| | | | | | | | | | | java.util.stream.SpinedBuffer$OfInt:accept: (5,0)
| | | | | | | | | | | | java.util.stream.SpinedBuffer$OfPrimitive:preAccept: (5,0)
| | | | | | | | | Heavy$$Lambda+0x000001c39a007200.2136288211:getAsInt: (25,0)
| | | | | | | | | | java.util.Random:nextInt: (25,0)
| | | | | | | | | | | java.util.Random:next: (25,0)
| | | | | | | | | | | | java.util.concurrent.atomic.AtomicLong:compareAndSet: (25,0)
| | | | | | | java.util.stream.Sink$ChainedInt:end: (307,0)
| | | | | | | | java.util.stream.SortedOps$IntSortingSink:end: (307,0)
| | | | | | | | | java.util.Arrays:sort: (298,0)
| | | | | | | | | | java.util.DualPivotQuicksort:sort: (298,0)
| | | | | | | | | | | java.util.DualPivotQuicksort:sort: (298,0)
| | | | | | | | | | | | java.util.DualPivotQuicksort:sort: (285,0)
| | | | | | | | | | | | | java.util.DualPivotQuicksort:sort: (277,0)
| | | | | | | | | | | | | | java.util.DualPivotQuicksort:sort: (261,0)
| | | | | | | | | | | | | | | java.util.DualPivotQuicksort:sort: (255,0)
| | | | | | | | | | | | | | | | java.util.DualPivotQuicksort:sort: (241,0)
| | | | | | | | | | | | | | | | | java.util.DualPivotQuicksort:sort: (221,0)
| | | | | | | | | | | | | | | | | | java.util.DualPivotQuicksort:sort: (214,0)
| | | | | | | | | | | | | | | | | | | java.util.DualPivotQuicksort:sort: (202,0)
| | | | | | | | | | | | | | | | | | | | java.util.DualPivotQuicksort:sort: (190,0)
| | | | | | | | | | | | | | | | | | | | | java.util.DualPivotQuicksort:sort: (177,0)
| | | | | | | | | | | | | | | | | | | | | | java.util.DualPivotQuicksort:sort: (155,0)
| | | | | | | | | | | | | | | | | | | | | | | java.util.DualPivotQuicksort:sort: (139,0)
| | | | | | | | | | | | | | | | | | | | | | | | java.util.DualPivotQuicksort:sort: (125,0)
| | | | | | | | | | | | | | | | | | | | | | | | | java.util.DualPivotQuicksort:sort: (112,0)
| | | | | | | | | | | | | | | | | | | | | | | | | | java.util.DualPivotQuicksort:sort: (102,0)
| | | | | | | | | | | | | | | | | | | | | | | | | | | java.util.DualPivotQuicksort:sort: (83,0)
| | | | | | | | | | | | | | | | | | | | | | | | | | | | java.util.DualPivotQuicksort:sort: (72,0)
| | | | | | | | | | | | | | | | | | | | | | | | | | | | | java.util.DualPivotQuicksort:sort: (61,0)
| | | | | | | | | | | | | | | | | | | | | | | | | | | | | | java.util.DualPivotQuicksort:sort: (47,0)
| | | | | | | | | | | | | | | | | | | | | | | | | | | | | | | java.util.DualPivotQuicksort:sort: (35,0)
| | | | | | | | | | | | | | | | | | | | | | | | | | | | | | | | java.util.DualPivotQuicksort:sort: (27,0)
| | | | | | | | | | | | | | | | | | | | | | | | | | | | | | | | | java.util.DualPivotQuicksort:sort: (21,0)
| | | | | | | | | | | | | | | | | | | | | | | | | | | | | | | | | | java.util.DualPivotQuicksort:sort: (16,0)
| | | | | | | | | | | | | | | | | | | | | | | | | | | | | | | | | | | java.util.DualPivotQuicksort:sort: (11,0)
| | | | | | | | | | | | | | | | | | | | | | | | | | | | | | | | | | | | java.util.DualPivotQuicksort:sort: (8,0)
| | | | | | | | | | | | | | | | | | | | | | | | | | | | | | | | | | | | | java.util.DualPivotQuicksort:sort: (5,0)
| | | | | | | | | | | | | | | | | | | | | | | | | | | | | | | | | | | | | | java.util.DualPivotQuicksort:sort: (2,0)
| | | | | | | | | | | | | | | | | | | | | | | | | | | | | | | | | | | | | | | java.util.DualPivotQuicksort:sort: (2,0)
| | | | | | | | | | | | | | | | | | | | | | | | | | | | | | | | | | | | | | | | java.util.DualPivotQuicksort:sort: (2,0)
| | | | | | | | | | | | | | | | | | | | | | | | | | | | | | | | | | | | | | | | | java.util.DualPivotQuicksort:mixedInsertionSort: (1,0)
| | | | | | | | | | | | | | | | | | | | | | | | | | | | | | | | | | | | | | | | | java.util.DualPivotQuicksort:sort: (1,0)
| | | | | | | | | | | | | | | | | | | | | | | | | | | | | | | | | | | | | | | | | | java.util.DualPivotQuicksort:mixedInsertionSort: (1,0)
| | | | | | | | | | | | | | | | | | | | | | | | | | | | | | | | | | | | | | java.util.DualPivotQuicksort:mixedInsertionSort: (2,0)
| | | | | | | | | | | | | | | | | | | | | | | | | | | | | | | | | | | | | java.util.DualPivotQuicksort:mixedInsertionSort: (3,0)
| | | | | | | | | | | | | | | | | | | | | | | | | | | | | | | | | | | | java.util.DualPivotQuicksort:mixedInsertionSort: (1,0)
| | | | | | | | | | | | | | | | | | | | | | | | | | | | | | | | | | | java.util.DualPivotQuicksort:mixedInsertionSort: (5,0)
| | | | | | | | | | | | | | | | | | | | | | | | | | | | | | | | | | java.util.DualPivotQuicksort:mixedInsertionSort: (4,0)
| | | | | | | | | | | | | | | | | | | | | | | | | | | | | | | | | java.util.DualPivotQuicksort:mixedInsertionSort: (4,0)
| | | | | | | | | | | | | | | | | | | | | | | | | | | | | | | | java.util.DualPivotQuicksort:mixedInsertionSort: (4,0)
| | | | | | | | | | | | | | | | | | | | | | | | | | | | | | | java.util.DualPivotQuicksort:mixedInsertionSort: (7,0)
| | | | | | | | | | | | | | | | | | | | | | | | | | | | | | java.util.DualPivotQuicksort:mixedInsertionSort: (8,0)
| | | | | | | | | | | | | | | | | | | | | | | | | | | | | java.util.DualPivotQuicksort:mixedInsertionSort: (6,0)
| | | | | | | | | | | | | | | | | | | | | | | | | | | | java.util.DualPivotQuicksort:mixedInsertionSort: (6,0)
| | | | | | | | | | | | | | | | | | | | | | | | | | | java.util.DualPivotQuicksort:mixedInsertionSort: (8,0)
| | | | | | | | | | | | | | | | | | | | | | | | | | java.util.DualPivotQuicksort:mixedInsertionSort: (6,0)
| | | | | | | | | | | | | | | | | | | | | | | | | java.util.DualPivotQuicksort:mixedInsertionSort: (3,0)
| | | | | | | | | | | | | | | | | | | | | | | | java.util.DualPivotQuicksort:mixedInsertionSort: (6,0)
| | | | | | | | | | | | | | | | | | | | | | | java.util.DualPivotQuicksort:mixedInsertionSort: (4,0)
| | | | | | | | | | | | | | | | | | | | | | java.util.DualPivotQuicksort:mixedInsertionSort: (6,0)
| | | | | | | | | | | | | | | | | | | java.util.DualPivotQuicksort:mixedInsertionSort: (2,0)
| | | | | | | | | java.util.stream.Nodes$IntSpinedNodeBuilder:accept: (5,0)
| | | | | | | | | | java.util.stream.SpinedBuffer$OfInt:accept: (5,0)
| | | | | | | | | | | java.util.stream.SpinedBuffer$OfPrimitive:preAccept: (5,0)
java.lang.Thread:run: (0,44)
| java.lang.Thread:runWith: (0,44)
| | jdk.jfr.internal.PlatformRecorder$$Lambda+0x000001c39a042338.1457410641:run: (0,44)
| | | jdk.jfr.internal.PlatformRecorder:lambda$startDiskMonitor$1: (0,44)
| | | | jdk.jfr.internal.PlatformRecorder:periodicTask: (0,44)
| | | | | jdk.jfr.internal.periodic.PeriodicEvents:doPeriodic: (0,44)
| | | | | | jdk.jfr.internal.periodic.PeriodicTask:run: (0,44)
| | | | | | | jdk.jfr.internal.periodic.JVMEventTask:execute: (0,44)
| | | | | | | | jdk.jfr.internal.JVM:emitEvent: (0,44)
